src/app/events/MapViewPage.tsx(2,29): error TS2792: Cannot find module 'react-router-dom'. Did you mean to set the 'moduleResolution' option to 'nodenext', or to add aliases to the 'paths' option?
src/app/events/MapViewPage.tsx(3,22): error TS2792: Cannot find module '@/components/ui/card'. Did you mean to set the 'moduleResolution' option to 'nodenext', or to add aliases to the 'paths' option?
src/app/events/MapViewPage.tsx(4,24): error TS2792: Cannot find module '@/components/ui/button'. Did you mean to set the 'moduleResolution' option to 'nodenext', or to add aliases to the 'paths' option?
src/app/events/MapViewPage.tsx(5,23): error TS2792: Cannot find module '@/components/ui/badge'. Did you mean to set the 'moduleResolution' option to 'nodenext', or to add aliases to the 'paths' option?
src/app/events/MapViewPage.tsx(6,28): error TS2792: Cannot find module '@/components/ui/scroll-area'. Did you mean to set the 'moduleResolution' option to 'nodenext', or to add aliases to the 'paths' option?
src/app/events/MapViewPage.tsx(7,23): error TS2792: Cannot find module '@/components/ui/input'. Did you mean to set the 'moduleResolution' option to 'nodenext', or to add aliases to the 'paths' option?
src/app/events/MapViewPage.tsx(15,8): error TS2792: Cannot find module 'lucide-react'. Did you mean to set the 'moduleResolution' option to 'nodenext', or to add aliases to the 'paths' option?
src/app/events/MapViewPage.tsx(16,63): error TS2792: Cannot find module 'react-map-gl/mapbox'. Did you mean to set the 'moduleResolution' option to 'nodenext', or to add aliases to the 'paths' option?
src/app/events/MapViewPage.tsx(17,32): error TS2792: Cannot find module '@/hooks/useMapboxToken'. Did you mean to set the 'moduleResolution' option to 'nodenext', or to add aliases to the 'paths' option?
src/app/events/MapViewPage.tsx(19,20): error TS2792: Cannot find module '@/lib/firebase'. Did you mean to set the 'moduleResolution' option to 'nodenext', or to add aliases to the 'paths' option?
src/app/events/MapViewPage.tsx(20,54): error TS2792: Cannot find module 'firebase/firestore'. Did you mean to set the 'moduleResolution' option to 'nodenext', or to add aliases to the 'paths' option?
src/app/events/MapViewPage.tsx(21,24): error TS2792: Cannot find module 'date-fns'. Did you mean to set the 'moduleResolution' option to 'nodenext', or to add aliases to the 'paths' option?
src/app/events/MapViewPage.tsx(22,20): error TS2792: Cannot find module '@/lib/utils'. Did you mean to set the 'moduleResolution' option to 'nodenext', or to add aliases to the 'paths' option?
src/app/events/MapViewPage.tsx(120,5): error TS2339: Property 'div' does not exist on type 'JSX.IntrinsicElements'.
src/app/events/MapViewPage.tsx(121,7): error TS2339: Property 'div' does not exist on type 'JSX.IntrinsicElements'.
src/app/events/MapViewPage.tsx(122,9): error TS2339: Property 'h1' does not exist on type 'JSX.IntrinsicElements'.
src/app/events/MapViewPage.tsx(124,9): error TS2339: Property 'h1' does not exist on type 'JSX.IntrinsicElements'.
src/app/events/MapViewPage.tsx(125,9): error TS2339: Property 'p' does not exist on type 'JSX.IntrinsicElements'.
src/app/events/MapViewPage.tsx(127,9): error TS2339: Property 'p' does not exist on type 'JSX.IntrinsicElements'.
src/app/events/MapViewPage.tsx(128,7): error TS2339: Property 'div' does not exist on type 'JSX.IntrinsicElements'.
src/app/events/MapViewPage.tsx(130,7): error TS2339: Property 'div' does not exist on type 'JSX.IntrinsicElements'.
src/app/events/MapViewPage.tsx(133,11): error TS2339: Property 'div' does not exist on type 'JSX.IntrinsicElements'.
src/app/events/MapViewPage.tsx(134,13): error TS2339: Property 'div' does not exist on type 'JSX.IntrinsicElements'.
src/app/events/MapViewPage.tsx(142,13): error TS2339: Property 'div' does not exist on type 'JSX.IntrinsicElements'.
src/app/events/MapViewPage.tsx(143,11): error TS2339: Property 'div' does not exist on type 'JSX.IntrinsicElements'.
src/app/events/MapViewPage.tsx(145,13): error TS2339: Property 'div' does not exist on type 'JSX.IntrinsicElements'.
src/app/events/MapViewPage.tsx(147,17): error TS2339: Property 'div' does not exist on type 'JSX.IntrinsicElements'.
src/app/events/MapViewPage.tsx(149,19): error TS2339: Property 'p' does not exist on type 'JSX.IntrinsicElements'.
src/app/events/MapViewPage.tsx(149,119): error TS2339: Property 'p' does not exist on type 'JSX.IntrinsicElements'.
src/app/events/MapViewPage.tsx(150,17): error TS2339: Property 'div' does not exist on type 'JSX.IntrinsicElements'.
src/app/events/MapViewPage.tsx(152,17): error TS2339: Property 'div' does not exist on type 'JSX.IntrinsicElements'.
src/app/events/MapViewPage.tsx(153,19): error TS2339: Property 'p' does not exist on type 'JSX.IntrinsicElements'.
src/app/events/MapViewPage.tsx(153,119): error TS2339: Property 'p' does not exist on type 'JSX.IntrinsicElements'.
src/app/events/MapViewPage.tsx(154,17): error TS2339: Property 'div' does not exist on type 'JSX.IntrinsicElements'.
src/app/events/MapViewPage.tsx(168,21): error TS2339: Property 'div' does not exist on type 'JSX.IntrinsicElements'.
src/app/events/MapViewPage.tsx(169,23): error TS2339: Property 'div' does not exist on type 'JSX.IntrinsicElements'.
src/app/events/MapViewPage.tsx(170,25): error TS2339: Property 'div' does not exist on type 'JSX.IntrinsicElements'.
src/app/events/MapViewPage.tsx(177,25): error TS2339: Property 'div' does not exist on type 'JSX.IntrinsicElements'.
src/app/events/MapViewPage.tsx(178,27): error TS2339: Property 'p' does not exist on type 'JSX.IntrinsicElements'.
src/app/events/MapViewPage.tsx(180,27): error TS2339: Property 'p' does not exist on type 'JSX.IntrinsicElements'.
src/app/events/MapViewPage.tsx(181,27): error TS2339: Property 'div' does not exist on type 'JSX.IntrinsicElements'.
src/app/events/MapViewPage.tsx(188,29): error TS2339: Property 'span' does not exist on type 'JSX.IntrinsicElements'.
src/app/events/MapViewPage.tsx(190,29): error TS2339: Property 'span' does not exist on type 'JSX.IntrinsicElements'.
src/app/events/MapViewPage.tsx(191,27): error TS2339: Property 'div' does not exist on type 'JSX.IntrinsicElements'.
src/app/events/MapViewPage.tsx(192,27): error TS2339: Property 'p' does not exist on type 'JSX.IntrinsicElements'.
src/app/events/MapViewPage.tsx(194,29): error TS2339: Property 'span' does not exist on type 'JSX.IntrinsicElements'.
src/app/events/MapViewPage.tsx(194,70): error TS2339: Property 'span' does not exist on type 'JSX.IntrinsicElements'.
src/app/events/MapViewPage.tsx(195,27): error TS2339: Property 'p' does not exist on type 'JSX.IntrinsicElements'.
src/app/events/MapViewPage.tsx(196,25): error TS2339: Property 'div' does not exist on type 'JSX.IntrinsicElements'.
src/app/events/MapViewPage.tsx(197,23): error TS2339: Property 'div' does not exist on type 'JSX.IntrinsicElements'.
src/app/events/MapViewPage.tsx(198,21): error TS2339: Property 'div' does not exist on type 'JSX.IntrinsicElements'.
src/app/events/MapViewPage.tsx(202,13): error TS2339: Property 'div' does not exist on type 'JSX.IntrinsicElements'.
src/app/events/MapViewPage.tsx(208,11): error TS2339: Property 'div' does not exist on type 'JSX.IntrinsicElements'.
src/app/events/MapViewPage.tsx(229,15): error TS2339: Property 'div' does not exist on type 'JSX.IntrinsicElements'.
src/app/events/MapViewPage.tsx(231,15): error TS2339: Property 'div' does not exist on type 'JSX.IntrinsicElements'.
src/app/events/MapViewPage.tsx(234,15): error TS2339: Property 'div' does not exist on type 'JSX.IntrinsicElements'.
src/app/events/MapViewPage.tsx(252,21): error TS2339: Property 'div' does not exist on type 'JSX.IntrinsicElements'.
src/app/events/MapViewPage.tsx(253,23): error TS2339: Property 'div' does not exist on type 'JSX.IntrinsicElements'.
src/app/events/MapViewPage.tsx(257,23): error TS2339: Property 'div' does not exist on type 'JSX.IntrinsicElements'.
src/app/events/MapViewPage.tsx(264,21): error TS2339: Property 'div' does not exist on type 'JSX.IntrinsicElements'.
src/app/events/MapViewPage.tsx(282,19): error TS2339: Property 'div' does not exist on type 'JSX.IntrinsicElements'.
src/app/events/MapViewPage.tsx(283,21): error TS2339: Property 'div' does not exist on type 'JSX.IntrinsicElements'.
src/app/events/MapViewPage.tsx(290,21): error TS2339: Property 'div' does not exist on type 'JSX.IntrinsicElements'.
src/app/events/MapViewPage.tsx(291,21): error TS2339: Property 'h3' does not exist on type 'JSX.IntrinsicElements'.
src/app/events/MapViewPage.tsx(293,21): error TS2339: Property 'h3' does not exist on type 'JSX.IntrinsicElements'.
src/app/events/MapViewPage.tsx(294,21): error TS2339: Property 'div' does not exist on type 'JSX.IntrinsicElements'.
src/app/events/MapViewPage.tsx(295,23): error TS2339: Property 'p' does not exist on type 'JSX.IntrinsicElements'.
src/app/events/MapViewPage.tsx(298,23): error TS2339: Property 'p' does not exist on type 'JSX.IntrinsicElements'.
src/app/events/MapViewPage.tsx(299,23): error TS2339: Property 'p' does not exist on type 'JSX.IntrinsicElements'.
src/app/events/MapViewPage.tsx(301,25): error TS2339: Property 'span' does not exist on type 'JSX.IntrinsicElements'.
src/app/events/MapViewPage.tsx(301,88): error TS2339: Property 'span' does not exist on type 'JSX.IntrinsicElements'.
src/app/events/MapViewPage.tsx(302,23): error TS2339: Property 'p' does not exist on type 'JSX.IntrinsicElements'.
src/app/events/MapViewPage.tsx(303,23): error TS2339: Property 'p' does not exist on type 'JSX.IntrinsicElements'.
src/app/events/MapViewPage.tsx(306,23): error TS2339: Property 'p' does not exist on type 'JSX.IntrinsicElements'.
src/app/events/MapViewPage.tsx(307,21): error TS2339: Property 'div' does not exist on type 'JSX.IntrinsicElements'.
src/app/events/MapViewPage.tsx(315,19): error TS2339: Property 'div' does not exist on type 'JSX.IntrinsicElements'.
src/app/events/MapViewPage.tsx(321,13): error TS2339: Property 'div' does not exist on type 'JSX.IntrinsicElements'.
src/app/events/MapViewPage.tsx(322,15): error TS2339: Property 'div' does not exist on type 'JSX.IntrinsicElements'.
src/app/events/MapViewPage.tsx(323,15): error TS2339: Property 'p' does not exist on type 'JSX.IntrinsicElements'.
src/app/events/MapViewPage.tsx(323,98): error TS2339: Property 'p' does not exist on type 'JSX.IntrinsicElements'.
src/app/events/MapViewPage.tsx(324,13): error TS2339: Property 'div' does not exist on type 'JSX.IntrinsicElements'.
src/app/events/MapViewPage.tsx(328,11): error TS2339: Property 'div' does not exist on type 'JSX.IntrinsicElements'.
src/app/events/MapViewPage.tsx(330,11): error TS2339: Property 'div' does not exist on type 'JSX.IntrinsicElements'.
src/app/events/MapViewPage.tsx(332,7): error TS2339: Property 'div' does not exist on type 'JSX.IntrinsicElements'.
src/app/events/MapViewPage.tsx(333,5): error TS2339: Property 'div' does not exist on type 'JSX.IntrinsicElements'.
